// Jest Snapshot v1, https://goo.gl/fbAQLP

exports[`Button matches snapshot 1`] = `
<styled.button
  onClick={[Function]}
>
  Close
</styled.button>
`;
