// Jest Snapshot v1, https://goo.gl/fbAQLP

exports[`IngredientList matches snapshot 1`] = `
<div>
  IngredientList
</div>
`;
